// Jest Snapshot v1, https://goo.gl/fbAQLP

exports[`CLI utils functions should output overview 1`] = `
"[35m┌────────────────────────────────────────────────────┐[39m
[35m│[39m                                                    [35m│[39m
[35m│[39m   [35m🚀 Restapify is running:[39m                         [35m│[39m
[35m│[39m                                                    [35m│[39m
[35m│[39m   [1m- 📦API entry point:[22m [94mhttp://localhost:6767/dev[39m   [35m│[39m
[35m│[39m   [1m- 🎛 Dashboard:[22m [94mhttp://localhost:6767/restapify[39m   [35m│[39m
[35m│[39m                                                    [35m│[39m
[35m│[39m   [93mUse Ctrl+C to quit this process[39m                  [35m│[39m
[35m│[39m                                                    [35m│[39m
[35m└────────────────────────────────────────────────────┘[39m"
`;
